[html.xpeedstudio.com/bagan/index.html]
[backblue.gif]
[fade.gif]
[index.html]
[html.xpeedstudio.com/bagan/favicon.ico]
[html.xpeedstudio.com/bagan/apple-touch-icon.png]
[html.xpeedstudio.com/bagan/assets/css/fontawesome-min.css]
[html.xpeedstudio.com/bagan/assets/css/bootstrap.min.css]
[html.xpeedstudio.com/bagan/assets/css/xsIcon.css]
[html.xpeedstudio.com/bagan/assets/css/iconmoon.css]
[html.xpeedstudio.com/bagan/assets/css/isotope.css]
[html.xpeedstudio.com/bagan/assets/css/magnific-popup.css]
[html.xpeedstudio.com/bagan/assets/css/owl.carousel.min.css]
[html.xpeedstudio.com/bagan/assets/css/owl.theme.default.min.css]
[html.xpeedstudio.com/bagan/assets/css/navigation.css]
[html.xpeedstudio.com/bagan/assets/css/animate.css]
[html.xpeedstudio.com/bagan/assets/css/style.css]
[html.xpeedstudio.com/bagan/assets/css/responsive.css]
[html.xpeedstudio.com/bagan/assets/images/logo.png]
[html.xpeedstudio.com/bagan/assets/images/mobile_logo.png]
[html.xpeedstudio.com/bagan/index-v2.html]
[html.xpeedstudio.com/bagan/index-v3.html]
[html.xpeedstudio.com/bagan/index-v4.html]
[html.xpeedstudio.com/bagan/pricing.html]
[html.xpeedstudio.com/bagan/faq.html]
[html.xpeedstudio.com/bagan/testimonial.html]
[html.xpeedstudio.com/bagan/team.html]
[html.xpeedstudio.com/bagan/404.html]
[html.xpeedstudio.com/bagan/service-v1.html]
[html.xpeedstudio.com/bagan/service-v2.html]
[html.xpeedstudio.com/bagan/single-service-v1.html]
[html.xpeedstudio.com/bagan/single-service-v2.html]
[html.xpeedstudio.com/bagan/gallery.html]
[html.xpeedstudio.com/bagan/blog.html]
[html.xpeedstudio.com/bagan/blog-single.html]
[html.xpeedstudio.com/bagan/about.html]
[html.xpeedstudio.com/bagan/contact.html]
[html.xpeedstudio.com/bagan/contact-v2.html]
[html.xpeedstudio.com/bagan/assets/images/banner-slider/banner_slider_1.jpg]
[html.xpeedstudio.com/bagan/assets/images/banner-slider/banner_slider_2.jpg]
[html.xpeedstudio.com/bagan/assets/images/banner-slider/banner_slider_4.jpg]
[html.xpeedstudio.com/bagan/assets/images/about_front.jpg]
[html.xpeedstudio.com/bagan/assets/images/about_back.jpg]
[html.xpeedstudio.com/bagan/assets/images/services/service_style_1.jpg]
[html.xpeedstudio.com/bagan/assets/images/services/service_style_2.jpg]
[html.xpeedstudio.com/bagan/assets/images/services/service_style_3.jpg]
[html.xpeedstudio.com/bagan/assets/images/services/service_style_4.jpg]
[html.xpeedstudio.com/bagan/assets/images/recent-work/work_1.jpg]
[html.xpeedstudio.com/bagan/assets/images/our-project/project_1.jpg]
[html.xpeedstudio.com/bagan/assets/images/recent-work/work_2.jpg]
[html.xpeedstudio.com/bagan/assets/images/recent-work/work_3.jpg]
[html.xpeedstudio.com/bagan/assets/images/recent-work/work_4.jpg]
[html.xpeedstudio.com/bagan/assets/images/recent-work/work_5.jpg]
[html.xpeedstudio.com/bagan/assets/images/recent-work/work_6.jpg]
[html.xpeedstudio.com/bagan/assets/images/why-choose-img.jpg]
[html.xpeedstudio.com/bagan/assets/images/funfact-bg.jpg]
[html.xpeedstudio.com/bagan/assets/images/author.jpg]
[html.xpeedstudio.com/bagan/assets/images/news1.jpg]
[html.xpeedstudio.com/bagan/assets/images/blog-author.jpg]
[html.xpeedstudio.com/bagan/assets/images/news2.jpg]
[html.xpeedstudio.com/bagan/assets/images/logo-white.png]
[html.xpeedstudio.com/cdn-cgi/scripts/5c5dd728/cloudflare-static/email-decode.min.js]
[html.xpeedstudio.com/bagan/assets/js/jquery-3.2.1.min.js]
[html.xpeedstudio.com/bagan/assets/js/bootstrap.min.js]
[html.xpeedstudio.com/bagan/assets/js/jquery-mixtub.js]
[html.xpeedstudio.com/bagan/assets/js/jquery.magnific-popup.min.js]
[html.xpeedstudio.com/bagan/assets/js/owl.carousel.min.js]
[html.xpeedstudio.com/bagan/assets/js/navigation.js]
[html.xpeedstudio.com/bagan/assets/js/jquery.appear.min.js]
[html.xpeedstudio.com/bagan/assets/js/isotope.js]
[html.xpeedstudio.com/bagan/assets/js/wow.min.js]
[html.xpeedstudio.com/bagan/index.html]
[html.xpeedstudio.com/bagan/favicon.html]
[html.xpeedstudio.com/bagan/apple-touch-icon.html]
[html.xpeedstudio.com/bagan/assets/js/main.js]
[html.xpeedstudio.com/bagan/assets/fonts/fontawesome-webfont3e6e.eot]
[html.xpeedstudio.com/bagan/assets/fonts/fontawesome-webfontd41d.eot]
[html.xpeedstudio.com/bagan/assets/fonts/fontawesome-webfont3e6e.woff2]
[html.xpeedstudio.com/bagan/assets/fonts/fontawesome-webfont3e6e.woff]
[html.xpeedstudio.com/bagan/assets/fonts/fontawesome-webfont3e6e.ttf]
[html.xpeedstudio.com/bagan/assets/css/fontawesome-min.css]
[html.xpeedstudio.com/bagan/assets/css/bootstrap.min.css]
[html.xpeedstudio.com/bagan/assets/fonts/fontawesome-webfont3e6e.svg]
[html.xpeedstudio.com/bagan/assets/fonts/iconfont3963.ttf]
[html.xpeedstudio.com/bagan/assets/fonts/iconfont3963.woff]
[html.xpeedstudio.com/bagan/assets/css/xsIcon.css]
[html.xpeedstudio.com/bagan/assets/fonts/iconfont3963.svg]
[html.xpeedstudio.com/bagan/assets/fonts/icomoonbdff.eot]
[html.xpeedstudio.com/bagan/assets/fonts/icomoonbdff.ttf]
[html.xpeedstudio.com/bagan/assets/fonts/icomoonbdff.woff]
[html.xpeedstudio.com/bagan/assets/css/iconmoon.css]
[html.xpeedstudio.com/bagan/assets/css/isotope.css]
[html.xpeedstudio.com/bagan/assets/css/magnific-popup.css]
[html.xpeedstudio.com/bagan/assets/fonts/icomoonbdff.svg]
[html.xpeedstudio.com/bagan/assets/css/owl.video.play.png]
[html.xpeedstudio.com/bagan/assets/css/owl.carousel.min.css]
[html.xpeedstudio.com/bagan/assets/css/owl.theme.default.min.css]
[html.xpeedstudio.com/bagan/assets/css/navigation.css]
[html.xpeedstudio.com/bagan/assets/css/animate.css]
[html.xpeedstudio.com/bagan/assets/images/promo-shap.png]
[html.xpeedstudio.com/bagan/assets/images/service-bg.jpg]
[html.xpeedstudio.com/bagan/assets/images/call-to-action1.jpg]
[html.xpeedstudio.com/bagan/assets/images/call-to-action2.jpg]
[html.xpeedstudio.com/bagan/assets/images/footer-bg.jpg]
[html.xpeedstudio.com/bagan/assets/images/footer-pattern.png]
[html.xpeedstudio.com/bagan/assets/images/back-to-top.png]
[html.xpeedstudio.com/bagan/assets/images/footer-back-to-top.png]
[html.xpeedstudio.com/bagan/assets/css/style.css]
[html.xpeedstudio.com/bagan/assets/css/responsive.css]
[html.xpeedstudio.com/bagan/assets/images/logo-v2.png]
[html.xpeedstudio.com/bagan/assets/images/banner-slider/banner_slider_3.jpg]
[html.xpeedstudio.com/bagan/assets/images/banner-slider/banner_slider_5.jpg]
[html.xpeedstudio.com/bagan/assets/images/about/about_1.jpg]
[html.xpeedstudio.com/bagan/assets/images/video-img.jpg]
[html.xpeedstudio.com/bagan/assets/images/services/service-v2.png]
[html.xpeedstudio.com/bagan/assets/images/funfact-bg-v2.jpg]
[html.xpeedstudio.com/bagan/assets/images/our-project/project_3.jpg]
[html.xpeedstudio.com/bagan/assets/images/our-project/project_2.jpg]
[html.xpeedstudio.com/bagan/assets/images/our-project/project_4.jpg]
[html.xpeedstudio.com/bagan/assets/images/client-logo/logo1.png]
[html.xpeedstudio.com/bagan/assets/images/client-logo/logo2.png]
[html.xpeedstudio.com/bagan/assets/images/client-logo/logo3.png]
[html.xpeedstudio.com/bagan/assets/images/client-logo/logo4.png]
[html.xpeedstudio.com/bagan/assets/images/author1.jpg]
[html.xpeedstudio.com/bagan/assets/images/tips-img1.jpg]
[html.xpeedstudio.com/bagan/assets/images/tips-img2.jpg]
[html.xpeedstudio.com/bagan/assets/images/tips-img3.jpg]
[html.xpeedstudio.com/bagan/assets/images/team/team_5.jpg]
[html.xpeedstudio.com/bagan/assets/images/team/team_6.jpg]
[html.xpeedstudio.com/bagan/assets/images/team/team_7.jpg]
[html.xpeedstudio.com/bagan/assets/images/footer-logo-2.png]
[html.xpeedstudio.com/bagan/index-v2.html]
[html.xpeedstudio.com/bagan/assets/images/about/about_2.jpg]
[html.xpeedstudio.com/bagan/assets/images/team/team_8.jpg]
[html.xpeedstudio.com/bagan/assets/images/team/team_9.jpg]
[html.xpeedstudio.com/bagan/assets/images/team/team_10.jpg]
[html.xpeedstudio.com/bagan/index-v3.html]
[html.xpeedstudio.com/bagan/assets/images/about/why-choose-us-inner.png]
[html.xpeedstudio.com/bagan/assets/images/testimonial/testimonial_bg.jpg]
[html.xpeedstudio.com/bagan/assets/images/testimonial/author.jpg]
[html.xpeedstudio.com/bagan/index-v4.html]
[html.xpeedstudio.com/bagan/assets/images/banner/about-banner.jpg]
[html.xpeedstudio.com/bagan/assets/images/about/ready-to-contact.jpg]
[html.xpeedstudio.com/bagan/pricing.html]
[html.xpeedstudio.com/bagan/assets/images/faq-banner.jpg]
[html.xpeedstudio.com/bagan/faq.html]
[html.xpeedstudio.com/bagan/testimonial.html]
[html.xpeedstudio.com/bagan/assets/images/team/team-banner-bg.jpg]
[html.xpeedstudio.com/bagan/assets/images/team/team_1.jpg]
[html.xpeedstudio.com/bagan/assets/images/team/team_2.jpg]
[html.xpeedstudio.com/bagan/assets/images/team/team_3.jpg]
[html.xpeedstudio.com/bagan/assets/images/team/team_4.jpg]
[html.xpeedstudio.com/bagan/team.html]
[html.xpeedstudio.com/bagan/404.html]
[html.xpeedstudio.com/bagan/assets/images/services/service-banner-v1.jpg]
[html.xpeedstudio.com/bagan/assets/images/services/service_style_5.jpg]
[html.xpeedstudio.com/bagan/assets/images/services/service_style_6.jpg]
[html.xpeedstudio.com/bagan/assets/images/services/service_style_7.jpg]
[html.xpeedstudio.com/bagan/assets/images/services/service_style_8.jpg]
[html.xpeedstudio.com/bagan/assets/images/services/service_style_9.jpg]
[html.xpeedstudio.com/bagan/assets/images/services/service_style_10.jpg]
[html.xpeedstudio.com/bagan/assets/images/services/service_style_18.jpg]
[html.xpeedstudio.com/bagan/assets/images/services/service_style_19.jpg]
[html.xpeedstudio.com/bagan/assets/images/services/service_style_20.jpg]
[html.xpeedstudio.com/bagan/service-v1.html]
[html.xpeedstudio.com/bagan/assets/images/services/service_style_11.jpg]
[html.xpeedstudio.com/bagan/assets/images/services/service_style_12.jpg]
[html.xpeedstudio.com/bagan/assets/images/services/service_style_13.jpg]
[html.xpeedstudio.com/bagan/assets/images/services/service_style_14.jpg]
[html.xpeedstudio.com/bagan/assets/images/services/service_style_15.jpg]
[html.xpeedstudio.com/bagan/assets/images/services/service_style_16.jpg]
[html.xpeedstudio.com/bagan/assets/images/services/service_style_17.jpg]
[html.xpeedstudio.com/bagan/service-v2.html]
[html.xpeedstudio.com/bagan/assets/images/services/single-post-img.jpg]
[html.xpeedstudio.com/bagan/assets/images/services/single-post-img-2.jpg]
[html.xpeedstudio.com/bagan/assets/images/services/5.jpg]
[html.xpeedstudio.com/bagan/single-service-v1.html]
[html.xpeedstudio.com/bagan/assets/images/services/single-post-img-v2.jpg]
[html.xpeedstudio.com/bagan/assets/images/services/single-post-img-3.jpg]
[html.xpeedstudio.com/bagan/assets/images/case/case_1.jpg]
[html.xpeedstudio.com/bagan/assets/images/case/case_2.jpg]
[html.xpeedstudio.com/bagan/assets/images/case/case_3.jpg]
[html.xpeedstudio.com/bagan/single-service-v2.html]
[html.xpeedstudio.com/bagan/assets/images/our-project/banner.jpg]
[html.xpeedstudio.com/bagan/gallery.html]
[html.xpeedstudio.com/bagan/assets/images/blog/banner.jpg]
[html.xpeedstudio.com/bagan/assets/images/blog/blog_1.jpg]
[html.xpeedstudio.com/bagan/assets/images/blog/author.png]
[html.xpeedstudio.com/bagan/assets/images/blog/blog_2.jpg]
[html.xpeedstudio.com/bagan/assets/images/blog/blog_3.jpg]
[html.xpeedstudio.com/bagan/assets/images/sidebar/popular-post-img-1.jpg]
[html.xpeedstudio.com/bagan/assets/images/sidebar/popular-post-img-2.jpg]
[html.xpeedstudio.com/bagan/assets/images/sidebar/popular-post-img-3.jpg]
[html.xpeedstudio.com/bagan/assets/images/sidebar/popular-post-img-4.jpg]
[html.xpeedstudio.com/bagan/blog.html]
[html.xpeedstudio.com/bagan/assets/images/check-list-img.jpg]
[html.xpeedstudio.com/bagan/assets/images/post-author.jpg]
[html.xpeedstudio.com/bagan/assets/images/prev-post.jpg]
[html.xpeedstudio.com/bagan/assets/images/next-post.jpg]
[html.xpeedstudio.com/bagan/assets/images/avater/1.jpg]
[html.xpeedstudio.com/bagan/assets/images/avater/2.jpg]
[html.xpeedstudio.com/bagan/blog-single.html]
[html.xpeedstudio.com/bagan/assets/images/about/compnay-timeline.jpg]
[html.xpeedstudio.com/bagan/assets/images/about/timeline_img_1.jpg]
[html.xpeedstudio.com/bagan/assets/images/about/timeline_img_2.jpg]
[html.xpeedstudio.com/bagan/assets/images/about/timeline1.jpg]
[html.xpeedstudio.com/bagan/assets/images/about/timeline_img_3.jpg]
[html.xpeedstudio.com/bagan/assets/images/about/timeline_img_4.jpg]
[html.xpeedstudio.com/bagan/about.html]
[html.xpeedstudio.com/bagan/assets/images/contact-banner.jpg]
[html.xpeedstudio.com/bagan/contact.html]
[html.xpeedstudio.com/bagan/contact-v2.html]
[html.xpeedstudio.com/bagan/assets/fonts/fontawesome-webfont3e6e.svg]
[html.xpeedstudio.com/bagan/assets/fonts/iconfont3963.svg]
[html.xpeedstudio.com/bagan/assets/fonts/icomoonbdff.svg]
[html.xpeedstudio.com/bagan/assets/css/owl.video.play.html]
[html.xpeedstudio.com/bagan/assets/images/services/5.html]
